[2026-02-11 16:04:27] 日志系统初始化成功
[2026-02-11 16:04:27] Clash Host: 192.168.56.3:9090
[2026-02-11 16:04:27] Clash Secret: 0129
[2026-02-11 16:04:27] Clash Interval: 1000
[2026-02-11 16:04:27] 服务器启动在端口 8080
[2026-02-11 16:04:28] 成功保存 44 个连接到数据库
[2026-02-11 16:04:29] 成功保存 44 个连接到数据库
[2026-02-11 16:04:30] 成功保存 44 个连接到数据库
[2026-02-11 16:04:31] 成功保存 44 个连接到数据库
[2026-02-11 16:04:32] 成功保存 44 个连接到数据库
[2026-02-11 16:04:33] 成功保存 44 个连接到数据库
[2026-02-11 16:04:34] 成功保存 44 个连接到数据库
[2026-02-11 16:04:35] 成功保存 44 个连接到数据库
[2026-02-11 16:04:36] 成功保存 44 个连接到数据库
[2026-02-11 16:04:37] 成功保存 44 个连接到数据库
[2026-02-11 16:04:38] 成功保存 44 个连接到数据库
[2026-02-11 16:04:39] 成功保存 44 个连接到数据库
[2026-02-11 16:04:40] 成功保存 45 个连接到数据库
[2026-02-11 16:04:41] 成功保存 45 个连接到数据库
[2026-02-11 16:04:42] 成功保存 47 个连接到数据库
[2026-02-11 16:04:43] 成功保存 49 个连接到数据库
[2026-02-11 16:08:16] 日志系统初始化成功
[2026-02-11 16:08:16] Clash Host: 192.168.56.3:9090
[2026-02-11 16:08:16] Clash Secret: 0129
[2026-02-11 16:08:16] Clash Interval: 1000
[2026-02-11 16:08:16] 服务器启动在端口 8080
[2026-02-11 16:08:17] 成功保存 44 个连接到数据库
[2026-02-11 16:08:18] 成功保存 44 个连接到数据库
[2026-02-11 16:08:19] 成功保存 42 个连接到数据库
[2026-02-11 16:08:20] 成功保存 42 个连接到数据库
[2026-02-11 16:08:21] 成功保存 42 个连接到数据库
[2026-02-11 16:08:22] 成功保存 42 个连接到数据库
[2026-02-11 16:09:56] 日志系统初始化成功
[2026-02-11 16:09:56] Clash Host: 192.168.56.3:9090
[2026-02-11 16:09:56] Clash Secret: 0129
[2026-02-11 16:09:56] Clash Interval: 1000
[2026-02-11 16:09:56] 服务器启动在端口 8080
[2026-02-11 16:09:57] 成功保存 46 个连接到数据库
[2026-02-11 16:09:58] 成功保存 46 个连接到数据库
[2026-02-11 16:09:59] 成功保存 46 个连接到数据库
[2026-02-11 16:10:00] 成功保存 46 个连接到数据库
[2026-02-11 16:10:01] 成功保存 46 个连接到数据库
[2026-02-11 16:10:01] 正在获取SourceIP统计数据...
[2026-02-11 16:10:01] 成功获取 5 条SourceIP统计数据
[2026-02-11 16:10:02] 成功保存 46 个连接到数据库
[2026-02-11 16:10:03] 成功保存 46 个连接到数据库
[2026-02-11 16:10:04] 成功保存 46 个连接到数据库
[2026-02-11 16:10:05] 成功保存 46 个连接到数据库
[2026-02-11 16:10:06] 成功保存 47 个连接到数据库
[2026-02-11 16:10:07] 成功保存 47 个连接到数据库
[2026-02-11 16:10:08] 成功保存 47 个连接到数据库
[2026-02-11 16:10:09] 成功保存 47 个连接到数据库
[2026-02-11 16:10:10] 成功保存 47 个连接到数据库
